
R version 4.1.2 (2021-11-01) -- "Bird Hippie"
Copyright (C) 2021 The R Foundation for Statistical Computing
Platform: x86_64-pc-linux-gnu (64-bit)

R is free software and comes with ABSOLUTELY NO WARRANTY.
You are welcome to redistribute it under certain conditions.
Type 'license()' or 'licence()' for distribution details.

  Natural language support but running in an English locale

R is a collaborative project with many contributors.
Type 'contributors()' for more information and
'citation()' on how to cite R or R packages in publications.

Type 'demo()' for some demos, 'help()' for on-line help, or
'help.start()' for an HTML browser interface to help.
Type 'q()' to quit R.

> ## * Header
> ## path <- "h:/SundKonsolidering_BioStatHome/Cluster/GPC/article-restricted/"
> ## setwd(path)
> ## source("BATCH_scenario2.R")
> ## sbatch -a 1-1 -J 'scenario2-ChemoVSImmuno' --output=/dev/null --error=/dev/null R CMD BATCH --vanilla BATCH_scenario2-ChemoVSImmuno.R /dev/null 
> ## R CMD BATCH --vanilla '--args iter_sim=1 n.iter_sim=10' BATCH_scenario2-ChemoVSImmuno.R output/scenario2-ChemoVSImmuno/R-ChemoVSImmuno-1.Rout &
> 
> rm(list = ls())
> gc()
         used (Mb) gc trigger (Mb) max used (Mb)
Ncells 270604 14.5     665617 35.6   408739 21.9
Vcells 451653  3.5    8388608 64.0  1819181 13.9
> 
> ## * Seed
> args <- commandArgs(TRUE) ## BATCH MODE
> if(length(args)>0){
+     for (arg in args){
+         eval(parse(text=arg))
+     }
+ }else{ ## SLUMR
+     iter_sim <- as.numeric(Sys.getenv("SLURM_ARRAY_TASK_ID"))
+     n.iter_sim <- as.numeric(Sys.getenv("SLURM_ARRAY_TASK_COUNT"))
+ } ## interactive
> if(is.na(iter_sim)){iter_sim <- 1}
> if(is.na(n.iter_sim)){n.iter_sim <- 10}
> cat("iteration ",iter_sim," over ",n.iter_sim,"\n",sep="")
iteration 16 over 100
> 
> set.seed(1)
> seqSeed <- sample(1:max(1e5,n.iter_sim),size=n.iter_sim,replace=FALSE)
> iSeed <- seqSeed[iter_sim]
> set.seed(iSeed)
> 
> cat("seed: ",iSeed,"\n")
seed:  92490 
> 
> ## * Prepare export
> path <- "."
> path.res <- file.path(path,"Results","scenario2-ChemoVSImmuno")
> if(dir.exists(path.res)==FALSE){
+     if(dir.exists(file.path(path,"Results"))==FALSE){
+     dir.create(file.path(path,"Results"))
+     }
+     dir.create(path.res)
+ }
> path.output <- file.path(path,"output","scenario2-ChemoVSImmuno")
> if(dir.exists(path.output)==FALSE){
+     if(dir.exists(file.path(path,"output"))==FALSE){
+     dir.create(file.path(path,"output"))
+     }
+     dir.create(path.output)
+ }
> 
> ## * Libraries
> require(survival)
Loading required package: survival
> require(BuyseTest) ## install.packages("BuyseTest")
Loading required package: BuyseTest
Loading required package: Rcpp
BuyseTest version 2.3.11
> require(survRM2) ## install.packages("survRM2")
Loading required package: survRM2
> 
> ## * Settings
> n.sim <- 1000
> 
> Tps.inclusion <- 12 
> Restriction.time_list <- c(12,15,18,21,24,27,30,33,36,39,42,45,48,51,54,57,60) ## every 3 months
> Threshold_list <- c(0,6,12) ## 0,6,12
> TpsFin <- 60
> 
> grid <- expand.grid(restrictionTime = Restriction.time_list,
+                     threshold = Threshold_list,
+                     scenario = 0)
> 
> grid <- rbind(grid,
+               cbind(restrictionTime = Restriction.time_list,
+                     threshold = 0.1*Restriction.time_list,
+                     scenario = 1))
> 
> ## * Loop
> res <- NULL
> for(iSim in 1:n.sim){
+     cat(iSim,": ")
+     for (iGrid in 1:NROW(grid)){ 
+         cat("*")
+ 
+         iThreshold <- grid$threshold[iGrid]
+         iTime <- grid$restrictionTime[iGrid]
+         iScenario <- grid$scenario[iGrid]
+ 
+         ## ** Generate data
+         HR1 <- 0.1
+         TpsFin <- 60
+         HazC <- 0.1
+         HazT2 <- 0.1*(0.75+0.25*HR1)
+         HazT3 <- 0.1*(0.5+0.5*HR1)
+         HazT4 <- 0.1*(0.25+0.75*HR1)
+         HazT5 <- 0.1*(HR1)
+         t1 <- 4
+         t2 <- 12
+         t3 <- 18.5
+         t4 <- 36
+         n.Treatment <- 200
+         n.Control <- 200
+         n <- n.Treatment+n.Control
+         group <- c(rep(1, n.Treatment),rep(0, n.Control))
+       
+         TimeEvent.Ctr <- rexp(n.Control,HazC)
+         TimeEvent.Tr1 <- rexp(n.Control,HazC)
+         TimeEvent.Tr2 <- rexp(n.Control,HazT2)
+         TimeEvent.Tr3 <- rexp(n.Control,HazT3)
+         TimeEvent.Tr4 <- rexp(n.Control,HazT4)
+         TimeEvent.Tr5 <- rexp(n.Control,HazT5)
+       
+         TimeEvent.Tr<-ifelse(TimeEvent.Tr1<t1,TimeEvent.Tr1,
+                       ifelse(t1+TimeEvent.Tr2<t2,t1+TimeEvent.Tr2,
+                       ifelse(t2+TimeEvent.Tr3<t3,t2+TimeEvent.Tr3,
+                       ifelse(t3+TimeEvent.Tr4<t4,t3+TimeEvent.Tr4,
+                              t4+TimeEvent.Tr5))))
+       
+         TimeEvent <- c(TimeEvent.Tr,TimeEvent.Ctr)
+         Time.Cens <- runif(n,TpsFin-Tps.inclusion,TpsFin) ## varier temps de censure
+         Time <- pmin(Time.Cens,TimeEvent)
+         Event <- Time==TimeEvent
+         Event <- as.numeric(Event)
+         tab <- data.frame(group,Time,Event)
+         ## Taux.cens.reel<-1-mean(Event)
+   
+         ## ** Analysis using LR
+         LR <- (survdiff(Surv(time=Time, event=Event) ~ group, data=tab, rho=0))
+         pval.LR <- 1 - pchisq(LR$chisq, 1) 
+         Taux.cens.reel <- 1-mean(Event)
+   
+         ## ** Analysis using RNBGehan
+         RNBGehan <- BuyseTest(data=tab,group ~ TTE(Time, status=Event, iThreshold),
+                               method.inference = "u-statistic", scoring.rule = "Gehan", trace = 0)
+         RNBGehanSum <- confint(RNBGehan)
+         RNBenefit.Gehan <- RNBGehanSum[,"estimate"]
+         pval.RNBGehan <- RNBGehanSum[,"p.value"]
+ 
+         ## ** Analysis using RMST
+         RMST <- rmst2(time=Time, status=Event, arm=group, tau = NULL, covariates = NULL, alpha = 0.05)
+         pval.RMSTdif <- RMST[["unadjusted.result"]][1,4]
+         pval.RMSTratio <- RMST[["unadjusted.result"]][2,4]
+   
+         ## ** Analysis using WLR
+         WLR <- (survdiff(Surv(time=Time, event=Event) ~ group, data=tab, rho=1))
+         pval.WLR <- 1 - pchisq(WLR$chisq, 1) 
+ 
+         ## ** Analysis using RNBPeron
+         rBuyseresPer <- BuyseTest(data=tab,group ~ TTE(Time, status=Event, iThreshold, restriction=iTime),
+                                   method.inference = "u-statistic", scoring.rule = "Peron", trace = 0)
+         rBuyseresPerSum <- confint(rBuyseresPer)
+         rBenefit.Buyse <- rBuyseresPerSum[,"estimate"]
+         pval.rBuyse <- rBuyseresPerSum[,"p.value"]
+   
+         ## ** Gather results
+         res <- rbind(res,c(iteration = iSim,
+                            Restriction_time = iTime,
+                            scenario = iScenario,
+                            Threshold = iThreshold,
+                            "Taux censure reel" = Taux.cens.reel,
+                            pvalLOGRANK = pval.LR,
+                            RNBenefit.Gehan = RNBenefit.Gehan,
+                            pval.RNBGehan = pval.RNBGehan,
+                            RNB = rBenefit.Buyse,
+                            pvalRNB = pval.rBuyse,
+                            pvalWeightedLOGRANK = pval.WLR,
+                            pvalRMSTdif = pval.RMSTdif,
+                            pvalRMSTratio = pval.RMSTratio))
+ 
+     }
+     saveRDS(res, file = file.path(path.res,paste0("simul_ChemoVSImmuno_",iter_sim,"(tempo).rds")))
+     cat("\n")
+ }
